(KEYWORD False)
(KEYWORD await)
(KEYWORD else)
(KEYWORD import)
(KEYWORD pass)
(NEWLINE)
(KEYWORD None)
(KEYWORD break)
(KEYWORD except)
(KEYWORD in)
(KEYWORD raise)
(NEWLINE)
(KEYWORD True)
(KEYWORD class)
(KEYWORD finally)
(KEYWORD is)
(KEYWORD return)
(NEWLINE)
(KEYWORD and)
(KEYWORD continue)
(KEYWORD for)
(KEYWORD lambda)
(KEYWORD try)
(NEWLINE)
(KEYWORD as)
(KEYWORD def)
(KEYWORD from)
(KEYWORD nonlocal)
(KEYWORD while)
(NEWLINE)
(KEYWORD assert)
(KEYWORD del)
(KEYWORD global)
(KEYWORD not)
(KEYWORD with)
(NEWLINE)
(KEYWORD async)
(KEYWORD elif)
(KEYWORD if)
(KEYWORD or)
(KEYWORD yield)
(NEWLINE)
(ENDMARKER)
