(ID "a")
(PUNCT "=")
(LIT "foo\\\ \n\'\"")
(NEWLINE)
(ID "b")
(PUNCT "=")
(LIT "123\"\t\n\"\'")
(NEWLINE)
(ID "c")
(PUNCT "=")
(LIT "1234567890-=qewrtyuoipasdf\'\"\"\"")
(NEWLINE)
(ID "d")
(PUNCT "=")
(LIT "")
(NEWLINE)
(ID "e")
(PUNCT "=")
(LIT "")
(NEWLINE)
(ID "f")
(PUNCT "=")
(LIT "123''456")
(NEWLINE)
(LIT "1234asdfasdf")
(ENDMARKER)
